ec_numbers,ID
N.N.N.N,organism
W.W.W.WW,organism
W.W.W.WZ,organism
