Rule ID,Rule,EC number,Rule usage
MNXRAAAAA_MNXM9999999,rule1,N.N.N.N,forward
MNXRBBBBB_MNXM99999810,rule2,W.W.W.WW,forward
MNXRBBBBB_MNXM99999810,rule2,W.W.W.WZ,forward
