"Name","InChI"
"MNXM9999999","None"
"MNXM99999810","None"
