{
    "metabolites": [
        {
            "id": "cpdXXXXX=compound-name_c0",
            "name": "compound_name_c0",
            "compartment": "c0",
            "charge": 0,
            "formula": "C6H12O6"
        },
        {
            "id": "cpdNNNNN=compound-name_e0",
            "name": "compound_name_e0",
            "compartment": "e0",
            "charge": 0,
            "formula": "C6H12O6"
        }
    ],
    "reactions": [
        {
            "id": "rxnAAAAA_c0",
            "name": "enzyme_name_c0",
            "metabolites": {
                "cpdXXXXX=compound-name_c0": -1,
                "cpdNNNNN=compound-name_e0": 1
            },
            "lower_bound": 0,
            "upper_bound": 1000,
            "gene_reaction_rule": "",
            "annotation": {
                "sbo": "",
                "seed.reaction": ""
            }
        },
        {
            "id": "rxnBBBBB_e0",
            "name": "enzyme_name_e0",
            "metabolites": {
                "cpdXXXXX=compound-name_c0": 1,
                "cpdNNNNN=compound-name_e0": -1
            },
            "lower_bound": 0,
            "upper_bound": 1000,
            "gene_reaction_rule": "",
            "annotation": {
                "sbo": "",
                "seed.reaction": ""
            }
        }
    ],
    "genes": [
        {
            "id": "gene1",
            "name": ""
        },
        {
            "id": "gene2",
            "name": ""
        }
    ],
    "id": "organism",
    "compartments": {
        "c0":"",
        "e0":""
    },
    "version": "1"
}