{
    "metabolites": [
        {
            "id": "cpdXXXXX_c",
            "name": "compound_name_c",
            "compartment": "c",
            "charge": 0,
            "formula": "C6H12O6"
        },
        {
            "id": "cpdNNNNN_e",
            "name": "compound_name_e",
            "compartment": "e",
            "charge": 0,
            "formula": "C6H12O6"
        }
    ],
    "reactions": [
        {
            "id": "rxnAAAAA_c",
            "name": "enzyme_name_c",
            "metabolites": {
                "cpdXXXXX_c": -1,
                "cpdNNNNN_e": 1
            },
            "lower_bound": 0,
            "upper_bound": 1000,
            "gene_reaction_rule": "",
            "annotation": {
                "sbo": "",
                "seed.reaction": ""
            }
        },
        {
            "id": "rxnBBBBB_e",
            "name": "enzyme_name_e",
            "metabolites": {
                "cpdXXXXX_c": 1,
                "cpdNNNNN_e": -1
            },
            "lower_bound": 0,
            "upper_bound": 1000,
            "gene_reaction_rule": "",
            "annotation": {
                "sbo": "",
                "seed.reaction": ""
            }
        }
    ],
    "genes": [
        {
            "id": "gene1",
            "name": ""
        },
        {
            "id": "gene2",
            "name": ""
        }
    ],
    "id": "organism",
    "compartments": {
        "c": "cytosol",
        "e": "extracellular"
    },
    "version": "1"
}